// Jest Snapshot v1, https://goo.gl/fbAQLP

exports[`Renders <Head /> w/out withTheme 1`] = `
<View
  style={
    Object {
      "flex": 1,
    }
  }
>
  <Text
    accessible={true}
    allowFontScaling={true}
    disabled={false}
    ellipsizeMode="tail"
    style={
      Object {
        "color": "purple",
      }
    }
  >
    Head Component
  </Text>
</View>
`;

exports[`Renders <Head /> with Head theme 1`] = `
<View
  style={
    Object {
      "borderRadius": 3,
      "flex": 1,
    }
  }
>
  <Text
    accessible={true}
    allowFontScaling={true}
    disabled={false}
    ellipsizeMode="tail"
    style={
      Object {
        "color": "gold",
      }
    }
  >
    Head Component
  </Text>
</View>
`;

exports[`Renders <Head /> with Head:Green modifier 1`] = `
<View
  style={
    Object {
      "borderRadius": 3,
      "flex": 1,
    }
  }
>
  <Text
    accessible={true}
    allowFontScaling={true}
    disabled={false}
    ellipsizeMode="tail"
    style={
      Object {
        "color": "green",
      }
    }
  >
    Head Component
  </Text>
</View>
`;
